import time: self [us] | cumulative | imported package
import time:       235 |        235 |   _io
import time:        44 |         44 |   marshal
import time:       295 |        295 |   posix
import time:       325 |        897 | _frozen_importlib_external
import time:       115 |        115 |   time
import time:       105 |        220 | zipimport
import time:        67 |         67 |     _codecs
import time:       255 |        322 |   codecs
import time:       462 |        462 |   encodings.aliases
import time:       555 |       1337 | encodings
import time:       192 |        192 | encodings.utf_8
import time:       126 |        126 | _signal
import time:        37 |         37 |     _abc
import time:       114 |        150 |   abc
import time:       135 |        285 | io
import time:        50 |         50 |       _stat
import time:        73 |        122 |     stat
import time:       713 |        713 |     _collections_abc
import time:        56 |         56 |       genericpath
import time:        84 |        139 |     posixpath
import time:       306 |       1278 |   os
import time:        71 |         71 |   _sitebuiltins
import time:       276 |        276 |     apport_python_hook
import time:       149 |        425 |   sitecustomize
import time:      1479 |       3251 | site
import time:       251 |        251 |         types
import time:        78 |         78 |           _operator
import time:       266 |        343 |         operator
import time:       112 |        112 |             itertools
import time:       132 |        132 |             keyword
import time:       210 |        210 |             reprlib
import time:        93 |         93 |             _collections
import time:       905 |       1450 |           collections
import time:        55 |         55 |           _functools
import time:       558 |       2063 |         functools
import time:      1207 |       3863 |       enum
import time:        78 |         78 |         _sre
import time:       321 |        321 |           re._constants
import time:       333 |        654 |         re._parser
import time:       119 |        119 |         re._casefix
import time:       369 |       1217 |       re._compiler
import time:       172 |        172 |       copyreg
import time:       516 |       5767 |     re
import time:        76 |         76 |       _struct
import time:       135 |        211 |     struct
import time:        70 |         70 |     binascii
import time:       323 |       6369 |   base64
import time:       141 |        141 |     ui
import time:      1294 |       1434 |   ui.resources
import time:       180 |        180 |       fnmatch
import time:       293 |        293 |       warnings
import time:        68 |         68 |       errno
import time:       138 |        138 |         urllib
import time:        72 |         72 |         math
import time:      1175 |       1175 |         ipaddress
import time:      1942 |       3325 |       urllib.parse
import time:        99 |         99 |         _winapi
import time:        73 |         73 |         nt
import time:        69 |         69 |         nt
import time:        72 |         72 |         nt
import time:        68 |         68 |         nt
import time:        66 |         66 |         nt
import time:        68 |         68 |         nt
import time:       141 |        651 |       ntpath
import time:       895 |       5409 |     pathlib
import time:       184 |        184 |           importlib
import time:       195 |        195 |           importlib._abc
import time:       219 |        219 |             _weakrefset
import time:       654 |        873 |           threading
import time:       152 |       1402 |         importlib.util
import time:        92 |         92 |           zlib
import time:       226 |        226 |             _compression
import time:       327 |        327 |             _bz2
import time:       250 |        802 |           bz2
import time:       332 |        332 |             _lzma
import time:       259 |        591 |           lzma
import time:       721 |       2204 |         shutil
import time:       629 |        629 |           contextlib
import time:       166 |        166 |           zipfile._path.glob
import time:       440 |       1235 |         zipfile._path
import time:       890 |       5729 |       zipfile
import time:       915 |        915 |       textwrap
import time:       157 |        157 |         collections.abc
import time:       198 |        198 |             token
import time:        48 |         48 |             _tokenize
import time:       883 |       1129 |           tokenize
import time:       172 |       1300 |         linecache
import time:       563 |       2019 |       traceback
import time:        49 |         49 |             _bisect
import time:       155 |        203 |           bisect
import time:        42 |         42 |           _random
import time:        56 |         56 |           _sha2
import time:       402 |        701 |         random
import time:       468 |        468 |         weakref
import time:       514 |       1682 |       tempfile
import time:        46 |         46 |         _typing
import time:      2405 |       2450 |       typing
import time:       395 |        395 |         __future__
import time:        76 |         76 |         importlib.machinery
import time:       285 |        285 |         encodings.cp437
import time:       149 |        149 |         shibokensupport
import time:       129 |        129 |         shibokensupport.signature
import time:        85 |         85 |                 _ast
import time:      1210 |       1294 |               ast
import time:        52 |         52 |                   _opcode
import time:       469 |        520 |                 opcode
import time:       854 |       1374 |               dis
import time:      1963 |       4629 |             inspect
import time:      1057 |       5686 |           shibokensupport.feature
import time:      5318 |       5318 |           shibokensupport.signature.mapping
import time:      1150 |       1150 |           shibokensupport.signature.errorhandler
import time:       113 |        113 |                 shibokensupport.signature.lib
import time:       659 |        771 |               shibokensupport.signature.lib.tool
import time:      8803 |       9574 |             shibokensupport.signature.parser
import time:      2384 |      11957 |           shibokensupport.signature.layout
import time:       364 |        364 |             PySide6.support
import time:       163 |        163 |             PySide6.support.deprecated
import time:       363 |        889 |           shibokensupport.signature.importhandler
import time:      2742 |       2742 |           shibokensupport.signature.lib.enum_sig
import time:       728 |        728 |               gettext
import time:      1102 |       1829 |             argparse
import time:        47 |         47 |                 _string
import time:       522 |        568 |               string
import time:       139 |        139 |               atexit
import time:      1537 |       2243 |             logging
import time:     12492 |      16563 |           shibokensupport.signature.lib.pyi_generator
import time:      1141 |      45443 |         shibokensupport.signature.loader
import time:      4055 |      50529 |       shiboken6.Shiboken
import time:       298 |      63619 |     shiboken6
import time:       453 |      69480 |   PySide6
import time:     11436 |      11436 |   PySide6.QtCore
import time:      7622 |       7622 |   PySide6.QtGui
import time:      3731 |       3731 |   PySide6.QtWidgets
import time:       878 |        878 |     PySide6.QtSvg
import time:      2844 |       3721 |   icon_manager
import time:       122 |        122 |           _datetime
import time:       156 |        278 |         datetime
import time:       713 |        713 |         _sqlite3
import time:       302 |       1292 |       sqlite3.dbapi2
import time:       240 |       1532 |     sqlite3
import time:      1766 |       1766 |       _hashlib
import time:        76 |         76 |       _blake2
import time:       316 |       2156 |     hashlib
import time:       304 |        304 |       hmac
import time:       203 |        507 |     secrets
import time:       302 |        302 |       bcrypt._bcrypt
import time:       200 |        502 |     bcrypt
import time:       894 |       5588 |   security_manager
import time:       131 |        131 |     ui.dialogs
import time:       571 |        571 |     apple_theme
import time:       846 |       1546 |   ui.dialogs.login_dialog
import time:       378 |        378 |   verfallmanager
import time:       160 |        160 |     core
import time:      1528 |       1528 |     configparser
import time:       277 |       1963 |   core.config_manager
import time:       243 |        243 |   core.error_handler
import time:       206 |        206 |       _socket
import time:        62 |         62 |         select
import time:       669 |        731 |       selectors
import time:        87 |         87 |       array
import time:      1453 |       2475 |     socket
import time:       405 |        405 |       _compat_pickle
import time:       125 |        125 |       _pickle
import time:      1868 |       2397 |     pickle
import time:        45 |         45 |         _heapq
import time:       209 |        253 |       heapq
import time:       241 |        241 |       _queue
import time:       380 |        872 |     queue
import time:       214 |        214 |     copy
import time:       826 |       6783 |   logging.handlers
import time:      2025 |       2025 |   db_manager
import time:     28466 |     150780 | nd_hub
