import time: self [us] | cumulative | imported package
import time:       356 |        356 |   _io
import time:        57 |         57 |   marshal
import time:       406 |        406 |   posix
import time:       439 |       1256 | _frozen_importlib_external
import time:       172 |        172 |   time
import time:       151 |        323 | zipimport
import time:        80 |         80 |     _codecs
import time:       407 |        486 |   codecs
import time:       684 |        684 |   encodings.aliases
import time:       796 |       1965 | encodings
import time:       267 |        267 | encodings.utf_8
import time:       167 |        167 | _signal
import time:        51 |         51 |     _abc
import time:       168 |        219 |   abc
import time:       216 |        434 | io
import time:        66 |         66 |       _stat
import time:        94 |        159 |     stat
import time:      1012 |       1012 |     _collections_abc
import time:        75 |         75 |       genericpath
import time:       124 |        199 |     posixpath
import time:       437 |       1806 |   os
import time:        99 |         99 |   _sitebuiltins
import time:       380 |        380 |     apport_python_hook
import time:       230 |        609 |   sitecustomize
import time:      2204 |       4717 | site
import time:       353 |        353 |         types
import time:       104 |        104 |           _operator
import time:       386 |        490 |         operator
import time:       144 |        144 |             itertools
import time:       179 |        179 |             keyword
import time:       277 |        277 |             reprlib
import time:        87 |         87 |             _collections
import time:      1228 |       1912 |           collections
import time:        72 |         72 |           _functools
import time:       721 |       2704 |         functools
import time:      1791 |       5337 |       enum
import time:        94 |         94 |         _sre
import time:       557 |        557 |           re._constants
import time:       510 |       1067 |         re._parser
import time:       202 |        202 |         re._casefix
import time:       625 |       1986 |       re._compiler
import time:       247 |        247 |       copyreg
import time:       707 |       8275 |     re
import time:       105 |        105 |       _struct
import time:       212 |        316 |     struct
import time:        95 |         95 |     binascii
import time:       418 |       9103 |   base64
import time:       628 |        628 |     ui
import time:     13501 |      14129 |   ui.resources
import time:       311 |        311 |       fnmatch
import time:       440 |        440 |       warnings
import time:       100 |        100 |       errno
import time:       204 |        204 |         urllib
import time:       103 |        103 |         math
import time:      1760 |       1760 |         ipaddress
import time:      3065 |       5131 |       urllib.parse
import time:       133 |        133 |         _winapi
import time:       107 |        107 |         nt
import time:        95 |         95 |         nt
import time:       123 |        123 |         nt
import time:       127 |        127 |         nt
import time:       114 |        114 |         nt
import time:        91 |         91 |         nt
import time:       215 |       1000 |       ntpath
import time:      1360 |       8339 |     pathlib
import time:       352 |        352 |           importlib
import time:       281 |        281 |           importlib._abc
import time:       308 |        308 |             _weakrefset
import time:       952 |       1259 |           threading
import time:       247 |       2138 |         importlib.util
import time:       133 |        133 |           zlib
import time:       339 |        339 |             _compression
import time:       411 |        411 |             _bz2
import time:       346 |       1095 |           bz2
import time:       444 |        444 |             _lzma
import time:       406 |        849 |           lzma
import time:      1128 |       3204 |         shutil
import time:      1115 |       1115 |           contextlib
import time:       326 |        326 |           zipfile._path.glob
import time:       686 |       2126 |         zipfile._path
import time:      1361 |       8827 |       zipfile
import time:      1279 |       1279 |       textwrap
import time:       223 |        223 |         collections.abc
import time:       273 |        273 |             token
import time:        63 |         63 |             _tokenize
import time:      1382 |       1717 |           tokenize
import time:       241 |       1957 |         linecache
import time:       784 |       2963 |       traceback
import time:        62 |         62 |             _bisect
import time:       231 |        293 |           bisect
import time:        57 |         57 |           _random
import time:        64 |         64 |           _sha2
import time:       542 |        955 |         random
import time:       690 |        690 |         weakref
import time:       720 |       2364 |       tempfile
import time:        94 |         94 |         _typing
import time:      3861 |       3955 |       typing
import time:       353 |        353 |         __future__
import time:       115 |        115 |         importlib.machinery
import time:       407 |        407 |         encodings.cp437
import time:       208 |        208 |         shibokensupport
import time:       183 |        183 |         shibokensupport.signature
import time:       111 |        111 |                 _ast
import time:      1723 |       1834 |               ast
import time:        72 |         72 |                   _opcode
import time:       657 |        728 |                 opcode
import time:      1181 |       1909 |               dis
import time:      2648 |       6389 |             inspect
import time:      1532 |       7921 |           shibokensupport.feature
import time:      7683 |       7683 |           shibokensupport.signature.mapping
import time:      1641 |       1641 |           shibokensupport.signature.errorhandler
import time:       171 |        171 |                 shibokensupport.signature.lib
import time:       935 |       1106 |               shibokensupport.signature.lib.tool
import time:     12937 |      14043 |             shibokensupport.signature.parser
import time:      3373 |      17416 |           shibokensupport.signature.layout
import time:       475 |        475 |             PySide6.support
import time:       268 |        268 |             PySide6.support.deprecated
import time:       553 |       1295 |           shibokensupport.signature.importhandler
import time:      3724 |       3724 |           shibokensupport.signature.lib.enum_sig
import time:      1281 |       1281 |               gettext
import time:      1613 |       2894 |             argparse
import time:        66 |         66 |                 _string
import time:       863 |        929 |               string
import time:       271 |        271 |               atexit
import time:      2359 |       3559 |             logging
import time:     18357 |      24808 |           shibokensupport.signature.lib.pyi_generator
import time:      1718 |      66203 |         shibokensupport.signature.loader
import time:      6042 |      73508 |       shiboken6.Shiboken
import time:       436 |      93329 |     shiboken6
import time:       721 |     102388 |   PySide6
import time:     16082 |      16082 |   PySide6.QtCore
import time:     10478 |      10478 |   PySide6.QtGui
import time:      5173 |       5173 |   PySide6.QtWidgets
import time:      1145 |       1145 |     PySide6.QtSvg
import time:      5351 |       6495 |   icon_manager
import time:       159 |        159 |           _datetime
import time:       216 |        375 |         datetime
import time:      1008 |       1008 |         _sqlite3
import time:       454 |       1836 |       sqlite3.dbapi2
import time:       338 |       2174 |     sqlite3
import time:      2579 |       2579 |       _hashlib
import time:       109 |        109 |       _blake2
import time:       485 |       3172 |     hashlib
import time:       435 |        435 |       hmac
import time:       279 |        713 |     secrets
import time:       429 |        429 |       bcrypt._bcrypt
import time:       295 |        723 |     bcrypt
import time:      1122 |       7902 |   security_manager
import time:       522 |        522 |     ui.dialogs
import time:      4105 |       4105 |     apple_theme
import time:      5168 |       9794 |   ui.dialogs.login_dialog
import time:      5494 |       5494 |   verfallmanager
import time:       257 |        257 |     core
import time:      2263 |       2263 |     configparser
import time:      1661 |       4180 |   core.config_manager
import time:      1194 |       1194 |   core.error_handler
import time:       274 |        274 |       _socket
import time:        92 |         92 |         select
import time:      1034 |       1126 |       selectors
import time:       150 |        150 |       array
import time:      2260 |       3808 |     socket
import time:       471 |        471 |       _compat_pickle
import time:       161 |        161 |       _pickle
import time:      2605 |       3237 |     pickle
import time:        63 |         63 |         _heapq
import time:       319 |        382 |       heapq
import time:       333 |        333 |       _queue
import time:       515 |       1229 |     queue
import time:       379 |        379 |     copy
import time:      1173 |       9824 |   logging.handlers
import time:     39022 |     241252 | nd_hub
Traceback (most recent call last):
  File "<string>", line 1, in <module>
  File "/home/quasiniusquaks/Dokumente/Notfalldepot/V38/nd_hub.py", line 68, in <module>
    RotatingFileHandler(os.path.join(config.get_log_dir(), "nd_hub.log"), maxBytes=5*1024*1024, backupCount=3, encoding='utf-8'),
    ^^^^^^^^^^^^^^^^^^^^^^^^^^^^^^^^^^^^^^^^^^^^^^^^^^^^^^^^^^^^^^^^^^^^^^^^^^^^^^^^^^^^^^^^^^^^^^^^^^^^^^^^^^^^^^^^^^^^^^^^^^^^
  File "/usr/lib/python3.12/logging/handlers.py", line 155, in __init__
    BaseRotatingHandler.__init__(self, filename, mode, encoding=encoding,
  File "/usr/lib/python3.12/logging/handlers.py", line 58, in __init__
    logging.FileHandler.__init__(self, filename, mode=mode,
  File "/usr/lib/python3.12/logging/__init__.py", line 1231, in __init__
    StreamHandler.__init__(self, self._open())
                                 ^^^^^^^^^^^^
  File "/usr/lib/python3.12/logging/__init__.py", line 1263, in _open
    return open_func(self.baseFilename, self.mode,
           ^^^^^^^^^^^^^^^^^^^^^^^^^^^^^^^^^^^^^^^
PermissionError: [Errno 13] Permission denied: '/home/quasiniusquaks/ND-Hub/logs/nd_hub.log'
